agent alice
  suites: cogmem=on maestro=off fusion=on
  native tools: file_list, file_read_lines, time_now, web_search
  fusion tools: wxca_city_current, wxca_city_get, wxca_city_hourly (denied), wxca_city_list, wxca_city_near_coordinates, wxca_city_schema, wxca_city_search
  mcp servers: github=yes, simpledoc=no, wxca=yes
  mcp_tools: github, wxca, simpledoc_document
  deny_tools: shell_exec, wxca_city_hourly
agent bob
  suites: cogmem=on maestro=off fusion=on
  native tools: agent_list, agent_spawn, agent_status, common_delete, common_get, common_list, common_put, cron_schedule, file_append, file_copy, file_count, file_delete, file_delete_bytes, file_delete_lines, file_edit, file_edit_bytes, file_edit_lines, file_insert_bytes, file_insert_lines, file_list, file_move, file_read_bytes, file_read_lines, file_search_bytes, file_search_lines, file_view_image, file_write, msg_send, msg_send_file, session_clear, session_compact, session_info, session_messages, session_search, session_summary_get, session_summary_list, shell_exec, skill_find, skill_install, time_now, web_fetch, web_search
  fusion tools: (none)
  mcp servers: github=no, simpledoc=yes, wxca=no
  mcp_tools: simpledoc
  deny_tools: (none)
agent carol
  suites: cogmem=on maestro=off fusion=off
  native tools: file_read_lines
  fusion tools: (none)
  mcp servers: github=no, simpledoc=no, wxca=yes
  mcp_tools: wxca
  deny_tools: (none)
models
  Claude CLI Opus: claude-opus-4-7 via Claude CLI (claude-cli) bypass=off
    argv: --no-chrome
    env: CLAUDE_CODE_DISABLE_AUTO_MEMORY, CLAUDE_CODE_MAX_OUTPUT_TOKENS
  Codex CLI: codex-cli via Codex CLI (codex-cli) bypass=on
    argv: --dangerously-bypass-approvals-and-sandbox, --skip-git-repo-check
    env: (none)
  OR Flash: deepseek/deepseek-flash via OpenRouter (openai-chat)
